#-----------------------------------------------------------
# Vivado v2017.4 (64-bit)
# SW Build 2086221 on Fri Dec 15 20:55:39 MST 2017
# IP Build 2085800 on Fri Dec 15 22:25:07 MST 2017
# Start of session at: Sun Dec  3 16:46:06 2023
# Process ID: 14612
# Current directory: C:/Users/Paula/OneDrive - Universidad de Alcala/Todo/map_qam
# Command line: vivado.exe -gui_launcher_event rodinguilauncherevent16704 C:\Users\Paula\OneDrive - Universidad de Alcala\Todo\map_qam\map_qam.xpr
# Log file: C:/Users/Paula/OneDrive - Universidad de Alcala/Todo/map_qam/vivado.log
# Journal file: C:/Users/Paula/OneDrive - Universidad de Alcala/Todo/map_qam\vivado.jou
#-----------------------------------------------------------
start_gui
open_project {C:/Users/Paula/OneDrive - Universidad de Alcala/Todo/map_qam/map_qam.xpr}
update_compile_order -fileset sources_1
create_bd_design "qam16"
update_compile_order -fileset sources_1
create_bd_cell -type module -reference mapeado_16QAM_Q mapeado_16QAM_Q_0
create_bd_cell -type module -reference mapeado_16QAM_I mapeado_16QAM_I_0
create_bd_cell -type module -reference zp zp_0
