#-----------------------------------------------------------
# Vivado v2017.4 (64-bit)
# SW Build 2086221 on Fri Dec 15 20:55:39 MST 2017
# IP Build 2085800 on Fri Dec 15 22:25:07 MST 2017
# Start of session at: Tue Dec 19 13:22:16 2023
# Process ID: 7792
# Current directory: C:/Users/Paula/OneDrive - Universidad de Alcala/Todo/map_qam
# Command line: vivado.exe -gui_launcher_event rodinguilauncherevent17748 C:\Users\Paula\OneDrive - Universidad de Alcala\Todo\map_qam\map_qam.xpr
# Log file: C:/Users/Paula/OneDrive - Universidad de Alcala/Todo/map_qam/vivado.log
# Journal file: C:/Users/Paula/OneDrive - Universidad de Alcala/Todo/map_qam\vivado.jou
#-----------------------------------------------------------
start_gui
open_project {C:/Users/Paula/OneDrive - Universidad de Alcala/Todo/map_qam/map_qam.xpr}
update_compile_order -fileset sources_1
set_property SOURCE_SET sources_1 [get_filesets sim_1]
add_files -fileset sim_1 -norecurse {{C:/Users/Paula/OneDrive - Universidad de Alcala/Todo/map_qam/QAM_output.txt}}
