#-----------------------------------------------------------
# Vivado v2017.4 (64-bit)
# SW Build 2086221 on Fri Dec 15 20:55:39 MST 2017
# IP Build 2085800 on Fri Dec 15 22:25:07 MST 2017
# Start of session at: Mon Dec 11 11:20:38 2023
# Process ID: 12388
# Current directory: C:/Users/Paula/OneDrive - Universidad de Alcala/Todo/map_qam - copia
# Command line: vivado.exe -gui_launcher_event rodinguilauncherevent18912 C:\Users\Paula\OneDrive - Universidad de Alcala\Todo\map_qam - copia\map_qam.xpr
# Log file: C:/Users/Paula/OneDrive - Universidad de Alcala/Todo/map_qam - copia/vivado.log
# Journal file: C:/Users/Paula/OneDrive - Universidad de Alcala/Todo/map_qam - copia\vivado.jou
#-----------------------------------------------------------
start_gui
open_project {C:/Users/Paula/OneDrive - Universidad de Alcala/Todo/map_qam - copia/map_qam.xpr}
update_compile_order -fileset sources_1
update_module_reference qam16_zp_0_0
update_module_reference qam16_zp_0_0
launch_simulation
open_wave_config {C:/Users/Paula/OneDrive - Universidad de Alcala/Todo/map_qam - copia/tb_mapeado_16QAM_behav.wcfg}
source tb_mapeado_16QAM.tcl
run 1000 us
save_wave_config {C:/Users/Paula/OneDrive - Universidad de Alcala/Todo/map_qam - copia/tb_mapeado_16QAM_behav.wcfg}
save_wave_config {C:/Users/Paula/OneDrive - Universidad de Alcala/Todo/map_qam - copia/tb_mapeado_16QAM_behav.wcfg}
close_sim
launch_simulation
open_wave_config {C:/Users/Paula/OneDrive - Universidad de Alcala/Todo/map_qam - copia/tb_mapeado_16QAM_behav.wcfg}
source tb_mapeado_16QAM.tcl
open_bd_design {C:/Users/Paula/OneDrive - Universidad de Alcala/Todo/map_qam - copia/map_qam.srcs/sources_1/bd/qam16/qam16.bd}
update_module_reference qam16_zp_0_0
regenerate_bd_layout
close_sim
save_bd_design
launch_simulation
open_wave_config {C:/Users/Paula/OneDrive - Universidad de Alcala/Todo/map_qam - copia/tb_mapeado_16QAM_behav.wcfg}
source tb_mapeado_16QAM.tcl
run 1000 us
save_wave_config {C:/Users/Paula/OneDrive - Universidad de Alcala/Todo/map_qam - copia/tb_mapeado_16QAM_behav.wcfg}
open_bd_design {C:/Users/Paula/OneDrive - Universidad de Alcala/Todo/map_qam - copia/map_qam.srcs/sources_1/bd/qam16/qam16.bd}
update_module_reference qam16_zp_0_0
startgroup
make_bd_pins_external  [get_bd_pins zp_0/contador_out]
endgroup
regenerate_bd_layout
open_bd_design {C:/Users/Paula/OneDrive - Universidad de Alcala/Todo/map_qam - copia/map_qam.srcs/sources_1/bd/qam16/qam16.bd}
update_module_reference qam16_zp_0_0
close_sim
launch_simulation
open_wave_config {C:/Users/Paula/OneDrive - Universidad de Alcala/Todo/map_qam - copia/tb_mapeado_16QAM_behav.wcfg}
source tb_mapeado_16QAM.tcl
run 1000 us
open_bd_design {C:/Users/Paula/OneDrive - Universidad de Alcala/Todo/map_qam - copia/map_qam.srcs/sources_1/bd/qam16/qam16.bd}
close_sim
launch_simulation
open_wave_config {C:/Users/Paula/OneDrive - Universidad de Alcala/Todo/map_qam - copia/tb_mapeado_16QAM_behav.wcfg}
source tb_mapeado_16QAM.tcl
run 1000 us
close_sim
launch_simulation
open_wave_config {C:/Users/Paula/OneDrive - Universidad de Alcala/Todo/map_qam - copia/tb_mapeado_16QAM_behav.wcfg}
source tb_mapeado_16QAM.tcl
run 1000 us
restart
run 1000 us
save_wave_config {C:/Users/Paula/OneDrive - Universidad de Alcala/Todo/map_qam - copia/tb_mapeado_16QAM_behav.wcfg}
close_sim
launch_simulation
open_wave_config {C:/Users/Paula/OneDrive - Universidad de Alcala/Todo/map_qam - copia/tb_mapeado_16QAM_behav.wcfg}
source tb_mapeado_16QAM.tcl
run 1000 us
save_wave_config {C:/Users/Paula/OneDrive - Universidad de Alcala/Todo/map_qam - copia/tb_mapeado_16QAM_behav.wcfg}
close_sim
launch_simulation
open_wave_config {C:/Users/Paula/OneDrive - Universidad de Alcala/Todo/map_qam - copia/tb_mapeado_16QAM_behav.wcfg}
source tb_mapeado_16QAM.tcl
run 1000 us
close_sim
launch_simulation
open_wave_config {C:/Users/Paula/OneDrive - Universidad de Alcala/Todo/map_qam - copia/tb_mapeado_16QAM_behav.wcfg}
source tb_mapeado_16QAM.tcl
close_sim
launch_simulation
open_wave_config {C:/Users/Paula/OneDrive - Universidad de Alcala/Todo/map_qam - copia/tb_mapeado_16QAM_behav.wcfg}
source tb_mapeado_16QAM.tcl
run 1000 us
save_wave_config {C:/Users/Paula/OneDrive - Universidad de Alcala/Todo/map_qam - copia/tb_mapeado_16QAM_behav.wcfg}
close_sim
launch_simulation
open_wave_config {C:/Users/Paula/OneDrive - Universidad de Alcala/Todo/map_qam - copia/tb_mapeado_16QAM_behav.wcfg}
source tb_mapeado_16QAM.tcl
run 1000 us
close_sim
launch_simulation
update_module_reference qam16_zp_0_0
launch_simulation
launch_simulation
open_wave_config {C:/Users/Paula/OneDrive - Universidad de Alcala/Todo/map_qam - copia/tb_mapeado_16QAM_behav.wcfg}
source tb_mapeado_16QAM.tcl
run 1000 us
close_sim
launch_simulation
open_wave_config {C:/Users/Paula/OneDrive - Universidad de Alcala/Todo/map_qam - copia/tb_mapeado_16QAM_behav.wcfg}
source tb_mapeado_16QAM.tcl
run 1000 us
update_compile_order -fileset sources_1
close_sim
launch_simulation
open_wave_config {C:/Users/Paula/OneDrive - Universidad de Alcala/Todo/map_qam - copia/tb_mapeado_16QAM_behav.wcfg}
source tb_mapeado_16QAM.tcl
update_compile_order -fileset sources_1
run 1000 us
open_bd_design {C:/Users/Paula/OneDrive - Universidad de Alcala/Todo/map_qam - copia/map_qam.srcs/sources_1/bd/qam16/qam16.bd}
update_module_reference qam16_mapeado_16QAM_I_0_0
update_module_reference qam16_mapeado_16QAM_Q_0_0
delete_bd_objs [get_bd_nets zp_0_contador_out] [get_bd_nets mapeado_16QAM_I_0_salida] [get_bd_nets mapeado_16QAM_Q_0_salida] [get_bd_nets zp_0_out_I] [get_bd_nets zp_0_out_Q] [get_bd_cells zp_0]
undo
delete_bd_objs [get_bd_nets zp_0_contador_out] [get_bd_nets mapeado_16QAM_I_0_salida] [get_bd_nets mapeado_16QAM_Q_0_salida] [get_bd_nets zp_0_out_I] [get_bd_nets zp_0_out_Q] [get_bd_cells zp_0]
connect_bd_net [get_bd_pins mapeado_16QAM_I_0/salida] [get_bd_pins fir_compiler_I/s_axis_data_tdata]
delete_bd_objs [get_bd_nets mapeado_16QAM_I_0_salida]
connect_bd_net [get_bd_pins mapeado_16QAM_I_0/salida] [get_bd_pins fir_compiler_I/s_axis_data_tdata]
connect_bd_net [get_bd_pins mapeado_16QAM_Q_0/salida] [get_bd_pins fir_compiler_Q/s_axis_data_tdata]
close_sim
save_bd_design
launch_simulation
open_wave_config {C:/Users/Paula/OneDrive - Universidad de Alcala/Todo/map_qam - copia/tb_mapeado_16QAM_behav.wcfg}
source tb_mapeado_16QAM.tcl
restart
run all
close_sim
launch_simulation
open_wave_config {C:/Users/Paula/OneDrive - Universidad de Alcala/Todo/map_qam - copia/tb_mapeado_16QAM_behav.wcfg}
source tb_mapeado_16QAM.tcl
run 1000 us
save_wave_config {C:/Users/Paula/OneDrive - Universidad de Alcala/Todo/map_qam - copia/tb_mapeado_16QAM_behav.wcfg}
close_sim
