#-----------------------------------------------------------
# Vivado v2017.4 (64-bit)
# SW Build 2086221 on Fri Dec 15 20:55:39 MST 2017
# IP Build 2085800 on Fri Dec 15 22:25:07 MST 2017
# Start of session at: Mon Oct 23 19:12:29 2023
# Process ID: 11816
# Current directory: C:/Users/pbartolome/OneDrive - Universidad de Alcala/Todo/vivado/P1_fifo_xadc
# Command line: vivado.exe -gui_launcher_event rodinguilauncherevent10032 C:\Users\pbartolome\OneDrive - Universidad de Alcala\Todo\vivado\P1_fifo_xadc\P1_fifo_xadc.xpr
# Log file: C:/Users/pbartolome/OneDrive - Universidad de Alcala/Todo/vivado/P1_fifo_xadc/vivado.log
# Journal file: C:/Users/pbartolome/OneDrive - Universidad de Alcala/Todo/vivado/P1_fifo_xadc\vivado.jou
#-----------------------------------------------------------
start_gui
open_project {C:/Users/pbartolome/OneDrive - Universidad de Alcala/Todo/vivado/P1_fifo_xadc/P1_fifo_xadc.xpr}
update_compile_order -fileset sources_1
launch_simulation
open_wave_config {C:/Users/pbartolome/OneDrive - Universidad de Alcala/Todo/vivado/P1_fifo_xadc/P1_fifo_xadc.srcs/sim_1/imports/xadc_2017v4/prueba_xadc_tb_behav.wcfg}
source prueba_xadc_tb.tcl
open_bd_design {C:/Users/pbartolome/OneDrive - Universidad de Alcala/Todo/vivado/P1_fifo_xadc/P1_fifo_xadc.srcs/sources_1/bd/design_1/design_1.bd}
close_sim
